⚠ Warning: Next.js inferred your workspace root, but it may not be correct.
 We detected multiple lockfiles and selected the directory of C:\Users\AH01\Coding Projects\package-lock.json as the root directory.
 To silence this warning, set `turbopack.root` in your Next.js config, or consider removing one of the lockfiles if it's not needed.
   See https://nextjs.org/docs/app/api-reference/config/next-config-js/turbopack#root-directory for more information.
 Detected additional lockfiles: 
   * C:\Users\AH01\Coding Projects\ShotOClock\package-lock.json

▲ Next.js 16.1.6 (Turbopack)

  Creating an optimized production build ...
✓ Compiled successfully in 1773.4ms
  Running TypeScript ...
  Collecting page data using 15 workers ...
Error: supabaseUrl is required.
    at <unknown> (C:\Users\AH01\Coding Projects\ShotOClock\.next\server\chunks\ShotOClock_src_lib_supabase_ts_2216ac43._.js:37:43440)
    at new ri (C:\Users\AH01\Coding Projects\ShotOClock\.next\server\chunks\ShotOClock_src_lib_supabase_ts_2216ac43._.js:37:43691)
    at module evaluation (C:\Users\AH01\Coding Projects\ShotOClock\.next\server\chunks\ShotOClock_src_lib_supabase_ts_2216ac43._.js:37:48029)
    at instantiateModule (C:\Users\AH01\Coding Projects\ShotOClock\.next\server\chunks\[turbopack]_runtime.js:740:9)
    at getOrInstantiateModuleFromParent (C:\Users\AH01\Coding Projects\ShotOClock\.next\server\chunks\[turbopack]_runtime.js:763:12)
    at Context.esmImport [as i] (C:\Users\AH01\Coding Projects\ShotOClock\.next\server\chunks\[turbopack]_runtime.js:228:20)
    at module evaluation (C:\Users\AH01\Coding Projects\ShotOClock\.next\server\chunks\[root-of-the-server]__0f177e55._.js:1:1268)
    at instantiateModule (C:\Users\AH01\Coding Projects\ShotOClock\.next\server\chunks\[turbopack]_runtime.js:740:9)
    at instantiateRuntimeModule (C:\Users\AH01\Coding Projects\ShotOClock\.next\server\chunks\[turbopack]_runtime.js:768:12)
    at getOrInstantiateRuntimeModule (C:\Users\AH01\Coding Projects\ShotOClock\.next\server\chunks\[turbopack]_runtime.js:781:12)

> Build error occurred
Error: Failed to collect page data for /api/start
    at ignore-listed frames {
  type: 'Error'
}
